Failed to parse SORT_HEADERS 'H1,H1'.
config 'test_sort_header_repeat.conf' parse error
