No HEADERS
config 'test_config_headers_empty.conf' parse error
