Failed to parse HEADERS '123 INTEGER'.
config 'test_config_number_name.conf' parse error
