FALSE,858000,"2016","Skoda","Citigo"
FALSE,950000,"2017","Skoda","Yeti"
FALSE,1150000,"2003","Mazda","CX-5"
FALSE,1550000,"2016","Volvo","V40"
FALSE,1750000,"2016","Volvo","S60"
FALSE,2350000,"2015","Volvo","S80"
FALSE,2350000,"2016","Volvo","XC60"
TRUE,800000,"1997","Ford","E350"
TRUE,958000,"2017","Skoda","Rapid"
TRUE,1800000,"2003","Mercedes-Benz2nd line,,, ,,,3rd line ""ANGUS"",4rd line """",,,,5rd line","C220"
TRUE,1850000,"1991","Audi","A8"
TRUE,2250000,"1991","Audi","Q7"
TRUE,2550000,"2016","Volvo","XC90"
TRUE,2800000,"1991","Mercedes-Benz","S320"
