FALSE,1150000,"  2003","Mazda SOA","CX-5"
FALSE,1750000,"  2016","Volvo Openfind I love you","S 60"
TRUE,800000,"  1997","Ford Escape V1","E 350"
TRUE,1800000,"  2003","Mercedes-Benz","C 220"
TRUE,1850000,"  1991","Audi","A 8"
TRUE,2800000,"  1991","Mercedes-Benz Cloud First Time","S 320"
