1,19
1,17
1,15
1,13
1,11
1,9
1,7
1,5
1,3
2,18
2,16
2,14
2,12
2,10
2,8
2,6
2,4
2,2
