Failed to parse HEADERS 'H1 VARCHAR(1025)'.
config 'test_config_type_to_long.conf' parse error
