Failed to parse SORT_HEADERS 'H1,'.
config 'test_sort_header_not_complete.conf' parse error
