No SORT_HEADERS.
config 'test_sort_order_empty.conf' parse error
