Failed to parse SORT_HEADERS 'H7'.
config 'test_sort_header_non_exist.conf' parse error
