NO CSV_OUTPUT
config 'test_config_no_file.conf' parse error
