Failed to parse CSV_FORMULA 'Print H1[-1]'.
config 'test_index_negnative.conf' parse error
