Failed to parse HEADERS '+ INTEGER'.
config 'test_config_strange_name.conf' parse error
