Failed to parse CSV_FORMULA 'Print H8[0] + H1[0]'.
config 'test_header_is_not_exist.conf' parse error
