Failed to parse HEADERS 'H1 INTEGER,'.
config 'test_config_not_completed.conf' parse error
