FALSE,5,5.00,"   5","5",2001/01/05 00:00:00
FALSE,3,3.00,"   3","3",2001/01/03 00:00:00
FALSE,1,1.00,"   1","1",2001/01/01 00:00:00
FALSE,7,2.00,"   7","7",2001/01/07 00:00:00
FALSE,9,4.00,"   9","9",2001/01/09 00:00:00
TRUE,4,4.00,"   4","4",2001/01/04 00:00:00
TRUE,2,2.00,"   2","2",2001/01/02 00:00:00
TRUE,6,1.00,"   6","6",2001/01/06 00:00:00
TRUE,8,3.00,"   8","8",2001/01/08 00:00:00
TRUE,10,5.00,"  10","10",2001/01/10 00:00:00
