Failed to parse SORT_ORDER 'DES'.
config 'test_sort_order_name.conf' parse error
