Failed to parse CSV_FORMULA 'Print H8[0] +'.
config 'test_not_complete.conf' parse error
