Failed to parse HEADERS 'H1 INTEGE, H2 BOOL'.
config 'test_config_error_type.conf' parse error
