Failed to parse CSV_FORMULA ''.
config 'test_formula_empty.conf' parse error
